[debug] [2026-09-17T13:44:23.683Z] ----------------------------------------------------------------------
[debug] [2026-09-17T13:44:23.685Z] Command:       C:\Program Files\nodejs\node.exe C:\Users\Administrator\AppData\Roaming\npm\node_modules\firebase-tools\lib\bin\firebase.js init
[debug] [2026-09-17T13:44:23.685Z] CLI Version:   15.30.1
[debug] [2026-09-17T13:44:23.685Z] Platform:      win32
[debug] [2026-09-17T13:44:23.685Z] Node Version:  v24.11.1
[debug] [2026-09-17T13:44:23.685Z] Detected Agent: unknown
[debug] [2026-09-17T13:44:23.685Z] Time:          Thu Sep 17 2026 16:44:23 GMT+0300 (East Africa Time)
[debug] [2026-09-17T13:44:23.686Z] ----------------------------------------------------------------------
[debug] 
[info] 
     ######## #### ########  ######## ########     ###     ######  ########
     ##        ##  ##     ## ##       ##     ##  ##   ##  ##       ##
     ######    ##  ########  ######   ########  #########  ######  ######
     ##        ##  ##    ##  ##       ##     ## ##     ##       ## ##
     ##       #### ##     ## ######## ########  ##     ##  ######  ########

You're about to initialize a Firebase project in this directory:

  C:\Users\Administrator\Documents\Web files\local\Tirsit Apartment\tp

[info] 
=== Project Setup
[info] 
[info] First, let's associate this project directory with a Firebase project.
[info] You can create multiple project aliases by running firebase use --add, 
[info] 
[debug] [2026-09-17T13:44:44.174Z] > command requires scopes: ["email","openid","https://www.googleapis.com/auth/cloudplatformprojects.readonly","https://www.googleapis.com/auth/firebase","https://www.googleapis.com/auth/cloud-platform"]
[debug] [2026-09-17T13:44:44.175Z] > authorizing via signed-in user (mesargproperty@gmail.com)
[debug] [2026-09-17T13:44:44.184Z] Checked if tokens are valid: true, expires at: 1789656147264
[debug] [2026-09-17T13:44:44.184Z] Checked if tokens are valid: true, expires at: 1789656147264
[debug] [2026-09-17T13:44:44.185Z] >>> [apiv2][query] GET https://firebase.googleapis.com/v1beta1/projects/tirsit-pms [none]
[debug] [2026-09-17T13:44:45.036Z] <<< [apiv2][status] GET https://firebase.googleapis.com/v1beta1/projects/tirsit-pms 200
[debug] [2026-09-17T13:44:45.036Z] <<< [apiv2][body] GET https://firebase.googleapis.com/v1beta1/projects/tirsit-pms {"projectId":"tirsit-pms","projectNumber":"670056025393","displayName":"tirsit-pms","name":"projects/tirsit-pms","resources":{"hostingSite":"tirsit-pms"},"state":"ACTIVE","labels":{"firebase":"enabled"},"etag":"1_aec7e2f1-ce3d-4de1-9d9e-4a99adfcc449"}
[info] i  Using project tirsit-pms (tirsit-pms) . 
[info] 
=== Hosting Setup
[info] 
